%!Adobe-FontList 1.19
%Locale:0x409

%BeginFont
Handler:DirectoryHandler
FontType:Type1
FontName:Quadraat-Bold
FamilyName:Quadraat-Bold
StyleName:Bold
FullName:Quadraat-Bold
MenuName:Quadraat-Bold
StyleBits:2
WritingScript:Roman
OutlineFileName:C:\Users\HCWin\Desktop\energieinzicht\Document fonts\Quadraat-Bold.otf
DataFormat:sfntData
UsesStandardEncoding:yes
isCFF:yes
hasSVG:no
VariableFontType:NonVariableFont
FileLength:33328
FileModTime:1538475523
WeightClass:700
WidthClass:5
AngleClass:0
NameArray:0,Mac,4,Quadraat-Bold
NameArray:0,Win,1,Quadraat-Bold
%EndFont

%BeginFont
Handler:DirectoryHandler
FontType:Type1
FontName:Quadraat-Regular
FamilyName:Quadraat-Regular
StyleName:Regular
FullName:Quadraat-Regular
MenuName:Quadraat-Regular
StyleBits:0
WritingScript:Roman
OutlineFileName:C:\Users\HCWin\Desktop\energieinzicht\Document fonts\Quadraat-Regular.otf
DataFormat:sfntData
UsesStandardEncoding:yes
isCFF:yes
hasSVG:no
VariableFontType:NonVariableFont
FileLength:32632
FileModTime:1538475523
WeightClass:400
WidthClass:5
AngleClass:0
NameArray:0,Mac,4,Quadraat-Regular
NameArray:0,Win,1,Quadraat-Regular
%EndFont

%BeginFont
Handler:DirectoryHandler
FontType:Type1
FontName:QuadraatHead-Bold
FamilyName:QuadraatHead-Bold
StyleName:Bold
FullName:QuadraatHead-Bold
MenuName:QuadraatHead-Bold
StyleBits:2
WritingScript:Roman
OutlineFileName:C:\Users\HCWin\Desktop\energieinzicht\Document fonts\QuadraatHead-Bold.otf
DataFormat:sfntData
UsesStandardEncoding:yes
isCFF:yes
hasSVG:no
VariableFontType:NonVariableFont
FileLength:19128
FileModTime:1538475523
WeightClass:700
WidthClass:5
AngleClass:0
NameArray:0,Mac,4,QuadraatHead-Bold
NameArray:0,Win,1,QuadraatHead-Bold
%EndFont

%BeginFont
Handler:DirectoryHandler
FontType:Type1
FontName:QuadraatHead-Light
FamilyName:QuadraatHead-Light
StyleName:Light
FullName:QuadraatHead-Light
MenuName:QuadraatHead-Light
StyleBits:0
WritingScript:Roman
OutlineFileName:C:\Users\HCWin\Desktop\energieinzicht\Document fonts\QuadraatHead-Light.otf
DataFormat:sfntData
UsesStandardEncoding:yes
isCFF:yes
hasSVG:no
VariableFontType:NonVariableFont
FileLength:18576
FileModTime:1538475523
WeightClass:200
WidthClass:5
AngleClass:0
NameArray:0,Mac,4,QuadraatHead-Light
NameArray:0,Win,1,QuadraatHead-Light
%EndFont

